<html><head><title>Teacup</title></head><body>
body
</body></html>